// Jest Snapshot v1, https://goo.gl/fbAQLP

exports[`Loading renders correctly 1`] = `
<div
  className="sc-AxjAm khrjsQ"
>
  <div
    className="sc-AxirZ iqWlqt"
  >
    <div
      className="spinner-grow text-success"
      role="status"
    >
      <span
        className="sr-only"
      >
        Loading...
      </span>
    </div>
  </div>
</div>
`;
