// Jest Snapshot v1, https://goo.gl/fbAQLP

exports[`SectionList renders section list correctly with data 1`] = `
<DocumentFragment>
  <div
    class="sc-fzpans jNlVRL"
    data-testid="section-list"
  >
    <div
      class="sc-fzoLsD exbVzu"
    >
      <button
        class="sc-fznyAO cikyLn btn btn-danger"
        data-testid="section-list-back-button"
      >
        Back
      </button>
      <h4
        class="sc-fznKkj jYpbgy"
        data-testid="section-list-title"
      />
      <hr
        class="sc-fzplWN ippUFq"
      />
    </div>
    <div
      class="sc-Axmtr iiJRaA"
    >
      4 result(s)
    </div>
    <div
      class="sc-AxjAm cFVyGa"
      data-testid="info-card"
    >
      <div
        class="sc-AxirZ kEmsgL"
      >
        <h5
          class="sc-AxhCb pwsED"
          data-testid="info-card-title"
        >
          undefined - Sec 1
        </h5>
        <hr
          class="sc-AxiKw cwDgDy"
        />
        <p
          class="sc-AxhUy qxWOA"
        >
          MoWeFr
        </p>
        <p
          class="sc-AxhUy qxWOA"
        >
          1:00am - 2:00am
        </p>
        <p
          class="sc-AxhUy qxWOA"
        >
          Name 1
        </p>
        <p
          class="sc-AxhUy qxWOA"
        >
          Building 1
        </p>
        <p
          class="sc-AxhUy qxWOA"
        >
          Mode 1
        </p>
      </div>
    </div>
    <div
      class="sc-AxjAm cFVyGa"
      data-testid="info-card"
    >
      <div
        class="sc-AxirZ kEmsgL"
      >
        <h5
          class="sc-AxhCb pwsED"
          data-testid="info-card-title"
        >
          undefined - Sec 2
        </h5>
        <hr
          class="sc-AxiKw cwDgDy"
        />
        <p
          class="sc-AxhUy qxWOA"
        >
          MoWeFr
        </p>
        <p
          class="sc-AxhUy qxWOA"
        >
          1:00am - 2:00am
        </p>
        <p
          class="sc-AxhUy qxWOA"
        >
          Name 2
        </p>
        <p
          class="sc-AxhUy qxWOA"
        >
          Building 2
        </p>
        <p
          class="sc-AxhUy qxWOA"
        >
          Mode 2
        </p>
      </div>
    </div>
    <div
      class="sc-AxjAm cFVyGa"
      data-testid="info-card"
    >
      <div
        class="sc-AxirZ kEmsgL"
      >
        <h5
          class="sc-AxhCb pwsED"
          data-testid="info-card-title"
        >
          undefined - Sec 3
        </h5>
        <hr
          class="sc-AxiKw cwDgDy"
        />
        <p
          class="sc-AxhUy qxWOA"
        >
          MoWeFr
        </p>
        <p
          class="sc-AxhUy qxWOA"
        >
          1:00am - 2:00am
        </p>
        <p
          class="sc-AxhUy qxWOA"
        >
          Name 3
        </p>
        <p
          class="sc-AxhUy qxWOA"
        >
          Building 3
        </p>
        <p
          class="sc-AxhUy qxWOA"
        >
          Mode 3
        </p>
      </div>
    </div>
    <div
      class="sc-AxjAm cFVyGa"
      data-testid="info-card"
    >
      <div
        class="sc-AxirZ kEmsgL"
      >
        <h5
          class="sc-AxhCb pwsED"
          data-testid="info-card-title"
        >
          undefined - Sec 4
        </h5>
        <hr
          class="sc-AxiKw cwDgDy"
        />
        <p
          class="sc-AxhUy qxWOA"
        >
          MoWeFr
        </p>
        <p
          class="sc-AxhUy qxWOA"
        >
          1:00am - 2:00am
        </p>
        <p
          class="sc-AxhUy qxWOA"
        >
          Name 4
        </p>
        <p
          class="sc-AxhUy qxWOA"
        >
          Building 4
        </p>
        <p
          class="sc-AxhUy qxWOA"
        >
          Mode 4
        </p>
      </div>
    </div>
  </div>
  <div
    class="react-toast-notifications__container css-mrh2d-ToastContainer"
  />
</DocumentFragment>
`;
