// Jest Snapshot v1, https://goo.gl/fbAQLP

exports[`Schedule renders schedule correctly with hovered section 1`] = `
Array [
  <div
    className="sc-fznKkj jOsktr"
  >
    <div
      className="sc-fznZeY fKZSHG"
    >
      <div
        className="sc-AxjAm dzsSRM"
      >
        <div
          className="sc-AxirZ bzvTeL"
        >
          <div
            className="sc-AxiKw WupAO"
          >
            1 am
          </div>
        </div>
        <div
          className="sc-AxirZ bzvTeL"
        >
          <div
            className="sc-AxiKw WupAO"
          >
            2 am
          </div>
        </div>
        <div
          className="sc-AxirZ bzvTeL"
        >
          <div
            className="sc-AxiKw WupAO"
          >
            3 am
          </div>
        </div>
        <div
          className="sc-AxirZ bzvTeL"
        >
          <div
            className="sc-AxiKw WupAO"
          >
            4 am
          </div>
        </div>
        <div
          className="sc-AxirZ bzvTeL"
        >
          <div
            className="sc-AxiKw WupAO"
          >
            5 am
          </div>
        </div>
        <div
          className="sc-AxirZ bzvTeL"
        >
          <div
            className="sc-AxiKw WupAO"
          >
            6 am
          </div>
        </div>
        <div
          className="sc-AxirZ bzvTeL"
        >
          <div
            className="sc-AxiKw WupAO"
          >
            7 am
          </div>
        </div>
        <div
          className="sc-AxirZ bzvTeL"
        >
          <div
            className="sc-AxiKw WupAO"
          >
            8 am
          </div>
        </div>
        <div
          className="sc-AxirZ bzvTeL"
        >
          <div
            className="sc-AxiKw WupAO"
          >
            9 am
          </div>
        </div>
        <div
          className="sc-AxirZ bzvTeL"
        >
          <div
            className="sc-AxiKw WupAO"
          >
            10 am
          </div>
        </div>
        <div
          className="sc-AxirZ bzvTeL"
        >
          <div
            className="sc-AxiKw WupAO"
          >
            11 am
          </div>
        </div>
        <div
          className="sc-AxirZ bzvTeL"
        >
          <div
            className="sc-AxiKw WupAO"
          >
            12 pm
          </div>
        </div>
        <div
          className="sc-AxirZ bzvTeL"
        >
          <div
            className="sc-AxiKw WupAO"
          >
            1 pm
          </div>
        </div>
        <div
          className="sc-AxirZ bzvTeL"
        >
          <div
            className="sc-AxiKw WupAO"
          >
            2 pm
          </div>
        </div>
        <div
          className="sc-AxirZ bzvTeL"
        >
          <div
            className="sc-AxiKw WupAO"
          >
            3 pm
          </div>
        </div>
        <div
          className="sc-AxirZ bzvTeL"
        >
          <div
            className="sc-AxiKw WupAO"
          >
            4 pm
          </div>
        </div>
        <div
          className="sc-AxirZ bzvTeL"
        >
          <div
            className="sc-AxiKw WupAO"
          >
            5 pm
          </div>
        </div>
        <div
          className="sc-AxirZ bzvTeL"
        >
          <div
            className="sc-AxiKw WupAO"
          >
            6 pm
          </div>
        </div>
      </div>
      <div
        className="sc-fzpans kJWVyY"
      >
        <div
          className="sc-fzplWN fCgSYo"
        >
          <div
            className="sc-fznyAO MARrG"
          >
            Mo
          </div>
        </div>
        <div
          className="sc-fzplWN fCgSYo"
        />
        <div
          className="sc-fzplWN fCgSYo"
        />
        <div
          className="sc-fzplWN fCgSYo"
        />
        <div
          className="sc-fzplWN fCgSYo"
        />
        <div
          className="sc-fzplWN fCgSYo"
        />
        <div
          className="sc-fzplWN fCgSYo"
        />
        <div
          className="sc-fzplWN fCgSYo"
        />
        <div
          className="sc-fzplWN fCgSYo"
        />
        <div
          className="sc-fzplWN fCgSYo"
        />
        <div
          className="sc-fzplWN fCgSYo"
        />
        <div
          className="sc-fzplWN fCgSYo"
        />
        <div
          className="sc-fzplWN fCgSYo"
        />
        <div
          className="sc-fzplWN fCgSYo"
        />
        <div
          className="sc-fzplWN fCgSYo"
        />
        <div
          className="sc-fzplWN fCgSYo"
        />
        <div
          className="sc-fzplWN fCgSYo"
        />
        <div
          className="sc-fzplWN fCgSYo"
        />
      </div>
      <div
        className="sc-fzpans kJWVyY"
      >
        <div
          className="sc-fzplWN fCgSYo"
        >
          <div
            className="sc-fznyAO MARrG"
          >
            Tu
          </div>
        </div>
        <div
          className="sc-fzplWN fCgSYo"
        />
        <div
          className="sc-fzplWN fCgSYo"
        />
        <div
          className="sc-fzplWN fCgSYo"
        />
        <div
          className="sc-fzplWN fCgSYo"
        />
        <div
          className="sc-fzplWN fCgSYo"
        />
        <div
          className="sc-fzplWN fCgSYo"
        />
        <div
          className="sc-fzplWN fCgSYo"
        />
        <div
          className="sc-fzplWN fCgSYo"
        />
        <div
          className="sc-fzplWN fCgSYo"
        />
        <div
          className="sc-fzplWN fCgSYo"
        />
        <div
          className="sc-fzplWN fCgSYo"
        />
        <div
          className="sc-fzplWN fCgSYo"
        />
        <div
          className="sc-fzplWN fCgSYo"
        />
        <div
          className="sc-fzplWN fCgSYo"
        />
        <div
          className="sc-fzplWN fCgSYo"
        />
        <div
          className="sc-fzplWN fCgSYo"
        />
        <div
          className="sc-fzplWN fCgSYo"
        />
      </div>
      <div
        className="sc-fzpans kJWVyY"
      >
        <div
          className="sc-fzplWN fCgSYo"
        >
          <div
            className="sc-fznyAO MARrG"
          >
            We
          </div>
        </div>
        <div
          className="sc-fzplWN fCgSYo"
        />
        <div
          className="sc-fzplWN fCgSYo"
        />
        <div
          className="sc-fzplWN fCgSYo"
        />
        <div
          className="sc-fzplWN fCgSYo"
        />
        <div
          className="sc-fzplWN fCgSYo"
        />
        <div
          className="sc-fzplWN fCgSYo"
        />
        <div
          className="sc-fzplWN fCgSYo"
        />
        <div
          className="sc-fzplWN fCgSYo"
        />
        <div
          className="sc-fzplWN fCgSYo"
        />
        <div
          className="sc-fzplWN fCgSYo"
        />
        <div
          className="sc-fzplWN fCgSYo"
        />
        <div
          className="sc-fzplWN fCgSYo"
        />
        <div
          className="sc-fzplWN fCgSYo"
        />
        <div
          className="sc-fzplWN fCgSYo"
        />
        <div
          className="sc-fzplWN fCgSYo"
        />
        <div
          className="sc-fzplWN fCgSYo"
        />
        <div
          className="sc-fzplWN fCgSYo"
        />
      </div>
      <div
        className="sc-fzpans kJWVyY"
      >
        <div
          className="sc-fzplWN fCgSYo"
        >
          <div
            className="sc-fznyAO MARrG"
          >
            Th
          </div>
        </div>
        <div
          className="sc-fzplWN fCgSYo"
        />
        <div
          className="sc-fzplWN fCgSYo"
        />
        <div
          className="sc-fzplWN fCgSYo"
        />
        <div
          className="sc-fzplWN fCgSYo"
        />
        <div
          className="sc-fzplWN fCgSYo"
        />
        <div
          className="sc-fzplWN fCgSYo"
        />
        <div
          className="sc-fzplWN fCgSYo"
        />
        <div
          className="sc-fzplWN fCgSYo"
        />
        <div
          className="sc-fzplWN fCgSYo"
        />
        <div
          className="sc-fzplWN fCgSYo"
        />
        <div
          className="sc-fzplWN fCgSYo"
        />
        <div
          className="sc-fzplWN fCgSYo"
        />
        <div
          className="sc-fzplWN fCgSYo"
        />
        <div
          className="sc-fzplWN fCgSYo"
        />
        <div
          className="sc-fzplWN fCgSYo"
        />
        <div
          className="sc-fzplWN fCgSYo"
        />
        <div
          className="sc-fzplWN fCgSYo"
        />
      </div>
      <div
        className="sc-fzpans kJWVyY"
      >
        <div
          className="sc-fzplWN fCgSYo"
        >
          <div
            className="sc-fznyAO MARrG"
          >
            Fr
          </div>
        </div>
        <div
          className="sc-fzplWN fCgSYo"
        />
        <div
          className="sc-fzplWN fCgSYo"
        />
        <div
          className="sc-fzplWN fCgSYo"
        />
        <div
          className="sc-fzplWN fCgSYo"
        />
        <div
          className="sc-fzplWN fCgSYo"
        />
        <div
          className="sc-fzplWN fCgSYo"
        />
        <div
          className="sc-fzplWN fCgSYo"
        />
        <div
          className="sc-fzplWN fCgSYo"
        />
        <div
          className="sc-fzplWN fCgSYo"
        />
        <div
          className="sc-fzplWN fCgSYo"
        />
        <div
          className="sc-fzplWN fCgSYo"
        />
        <div
          className="sc-fzplWN fCgSYo"
        />
        <div
          className="sc-fzplWN fCgSYo"
        />
        <div
          className="sc-fzplWN fCgSYo"
        />
        <div
          className="sc-fzplWN fCgSYo"
        />
        <div
          className="sc-fzplWN fCgSYo"
        />
        <div
          className="sc-fzplWN fCgSYo"
        />
      </div>
    </div>
  </div>,
  <div
    className="react-toast-notifications__container css-mrh2d-ToastContainer"
  />,
]
`;
